// Jest Snapshot v1, https://goo.gl/fbAQLP

exports[`ResourceDropdown Test Single ResourceDropdown 테스트입니다. 1`] = `
<div>
  <form>
    <div
      class="co-type-selector"
    >
      <div
        class="dropdown pf-c-dropdown pf-m-expanded"
      >
        <button
          aria-haspopup="true"
          class="pf-c-dropdown__toggle"
          type="button"
        >
          <div
            class="btn-dropdown__content-wrap"
          >
            <span
              class="pf-c-dropdown__toggle-text"
            >
              <div
                class="co-m-loader co-an-fade-in-out co-m-loader--inline"
              >
                <div
                  class="co-m-loader-dot__one"
                />
                <div
                  class="co-m-loader-dot__two"
                />
                <div
                  class="co-m-loader-dot__three"
                />
              </div>
            </span>
            <svg
              aria-hidden="true"
              class="pf-c-dropdown__toggle-icon"
              fill="currentColor"
              height="1em"
              role="img"
              style="vertical-align: -0.125em;"
              viewBox="0 0 320 512"
              width="1em"
            >
              <path
                d="M31.3 192h257.3c17.8 0 26.7 21.5 14.1 34.1L174.1 354.8c-7.8 7.8-20.5 7.8-28.3 0L17.2 226.1C4.6 213.5 13.5 192 31.3 192z"
                transform=""
              />
            </svg>
          </div>
        </button>
        <ul
          class="dropdown-menu__autocomplete-filter pf-c-dropdown__menu dropdown-menu--text-wrap"
          role="listbox"
        >
          <div
            class="dropdown-menu__filter"
          >
            <input
              autocapitalize="none"
              class="pf-c-form-control"
              data-test-id="dropdown-text-filter"
              placeholder="COMMON:MSG_COMMON_BUTTON_FILTER_PLACEHOLDER_1"
              type="text"
              value=""
            />
          </div>
        </ul>
      </div>
    </div>
    <button
      type="submit"
    >
      Submit
    </button>
  </form>
</div>
`;
